This is pdfTeX, Version 3.141592653-2.6-1.40.29 (TeX Live 2026) (preloaded format=pdflatex 2026.10.4)  5 OCT 2026 00:08
entering extended mode
 restricted \write18 enabled.
 %&-line parsing enabled.
**main.tex
(./main.tex
LaTeX2e <2026-06-01>
L3 programming layer <2026-09-09>
(/home/aaditya/.TinyTeX/texmf-dist/tex/latex/base/article.cls
Document Class: article 2025/01/22 v1.4n Standard LaTeX document class
(/home/aaditya/.TinyTeX/texmf-dist/tex/latex/base/size10.clo
File: size10.clo 2025/01/22 v1.4n Standard LaTeX file (size option)
)
\c@part=\count276
\c@section=\count277
\c@subsection=\count278
\c@subsubsection=\count279
\c@paragraph=\count280
\c@subparagraph=\count281
\c@figure=\count282
\c@table=\count283
\abovecaptionskip=\skip49
\belowcaptionskip=\skip50
\bibindent=\dimen150
) (/home/aaditya/.TinyTeX/texmf-dist/tex/latex/base/fontenc.sty
Package: fontenc 2025/07/18 v2.1d Standard LaTeX package
) (/home/aaditya/.TinyTeX/texmf-dist/tex/latex/base/inputenc.sty
Package: inputenc 2024/02/08 v1.3d Input encoding file
\inpenc@prehook=\toks17
\inpenc@posthook=\toks18
) (/home/aaditya/.TinyTeX/texmf-dist/tex/latex/lm/lmodern.sty
Package: lmodern 2015/05/01 v1.6.1 Latin Modern Fonts
LaTeX Font Info:    Overwriting symbol font `operators' in version `normal'
(Font)                  OT1/cmr/m/n --> OT1/lmr/m/n on input line 22.
LaTeX Font Info:    Overwriting symbol font `letters' in version `normal'
(Font)                  OML/cmm/m/it --> OML/lmm/m/it on input line 23.
LaTeX Font Info:    Overwriting symbol font `symbols' in version `normal'
(Font)                  OMS/cmsy/m/n --> OMS/lmsy/m/n on input line 24.
LaTeX Font Info:    Overwriting symbol font `largesymbols' in version `normal'
(Font)                  OMX/cmex/m/n --> OMX/lmex/m/n on input line 25.
LaTeX Font Info:    Overwriting symbol font `operators' in version `bold'
(Font)                  OT1/cmr/bx/n --> OT1/lmr/bx/n on input line 26.
LaTeX Font Info:    Overwriting symbol font `letters' in version `bold'
(Font)                  OML/cmm/b/it --> OML/lmm/b/it on input line 27.
LaTeX Font Info:    Overwriting symbol font `symbols' in version `bold'
(Font)                  OMS/cmsy/b/n --> OMS/lmsy/b/n on input line 28.
LaTeX Font Info:    Overwriting symbol font `largesymbols' in version `bold'
(Font)                  OMX/cmex/m/n --> OMX/lmex/m/n on input line 29.
LaTeX Font Info:    Overwriting math alphabet `\mathbf' in version `normal'
(Font)                  OT1/cmr/bx/n --> OT1/lmr/bx/n on input line 31.
LaTeX Font Info:    Overwriting math alphabet `\mathsf' in version `normal'
(Font)                  OT1/cmss/m/n --> OT1/lmss/m/n on input line 32.
LaTeX Font Info:    Overwriting math alphabet `\mathit' in version `normal'
(Font)                  OT1/cmr/m/it --> OT1/lmr/m/it on input line 33.
LaTeX Font Info:    Overwriting math alphabet `\mathtt' in version `normal'
(Font)                  OT1/cmtt/m/n --> OT1/lmtt/m/n on input line 34.
LaTeX Font Info:    Overwriting math alphabet `\mathbf' in version `bold'
(Font)                  OT1/cmr/bx/n --> OT1/lmr/bx/n on input line 35.
LaTeX Font Info:    Overwriting math alphabet `\mathsf' in version `bold'
(Font)                  OT1/cmss/bx/n --> OT1/lmss/bx/n on input line 36.
LaTeX Font Info:    Overwriting math alphabet `\mathit' in version `bold'
(Font)                  OT1/cmr/bx/it --> OT1/lmr/bx/it on input line 37.
LaTeX Font Info:    Overwriting math alphabet `\mathtt' in version `bold'
(Font)                  OT1/cmtt/m/n --> OT1/lmtt/m/n on input line 38.
) (/home/aaditya/.TinyTeX/texmf-dist/tex/latex/geometry/geometry.sty
Package: geometry 2026/03/07 v6.0 Page Geometry
 (/home/aaditya/.TinyTeX/texmf-dist/tex/latex/graphics/keyval.sty
Package: keyval 2026-05-17 v1.15 key=value parser (DPC)
\KV@toks@=\toks19
) (/home/aaditya/.TinyTeX/texmf-dist/tex/generic/iftex/ifvtex.sty
Package: ifvtex 2019/10/25 v1.7 ifvtex legacy package. Use iftex instead.
 (/home/aaditya/.TinyTeX/texmf-dist/tex/generic/iftex/iftex.sty
Package: iftex 2024/12/12 v1.0g TeX engine tests
))
\Gm@cnth=\count284
\Gm@cntv=\count285
\c@Gm@tempcnt=\count286
\Gm@bindingoffset=\dimen151
\Gm@wd@mp=\dimen152
\Gm@odd@mp=\dimen153
\Gm@even@mp=\dimen154
\Gm@layoutwidth=\dimen155
\Gm@layoutheight=\dimen156
\Gm@layouthoffset=\dimen157
\Gm@layoutvoffset=\dimen158
\Gm@dimlist=\toks20
) (/home/aaditya/.TinyTeX/texmf-dist/tex/latex/graphics/graphicx.sty
Package: graphicx 2026-05-17 v1.2e Enhanced LaTeX Graphics (DPC,SPQR)
 (/home/aaditya/.TinyTeX/texmf-dist/tex/latex/graphics/graphics.sty
Package: graphics 2026-05-17 v1.4h Standard LaTeX Graphics (DPC,SPQR)
 (/home/aaditya/.TinyTeX/texmf-dist/tex/latex/graphics/trig.sty
Package: trig 2023/12/02 v1.11 sin cos tan (DPC)
) (/home/aaditya/.TinyTeX/texmf-dist/tex/latex/graphics-cfg/graphics.cfg
File: graphics.cfg 2016/06/04 v1.11 sample graphics configuration
)
Package graphics Info: Driver file: pdftex.def on input line 106.
 (/home/aaditya/.TinyTeX/texmf-dist/tex/latex/graphics-def/pdftex.def
File: pdftex.def 2025/09/29 v1.2d Graphics/color driver for pdftex
))
\Gin@req@height=\dimen159
\Gin@req@width=\dimen160
) (/home/aaditya/.TinyTeX/texmf-dist/tex/latex/booktabs/booktabs.sty
Package: booktabs 2020/01/12 v1.61803398 Publication quality tables
\heavyrulewidth=\dimen161
\lightrulewidth=\dimen162
\cmidrulewidth=\dimen163
\belowrulesep=\dimen164
\belowbottomsep=\dimen165
\aboverulesep=\dimen166
\abovetopsep=\dimen167
\cmidrulesep=\dimen168
\cmidrulekern=\dimen169
\defaultaddspace=\dimen170
\@cmidla=\count287
\@cmidlb=\count288
\@aboverulesep=\dimen171
\@belowrulesep=\dimen172
\@thisruleclass=\count289
\@lastruleclass=\count290
\@thisrulewidth=\dimen173
) (/home/aaditya/.TinyTeX/texmf-dist/tex/latex/tools/tabularx.sty
Package: tabularx 2023/12/11 v2.12a `tabularx' package (DPC)
 (/home/aaditya/.TinyTeX/texmf-dist/tex/latex/tools/array.sty
Package: array 2026/02/24 v2.7b Tabular extension package (FMi)
\col@sep=\dimen174
\ar@mcellbox=\box53
\extrarowheight=\dimen175
\NC@list=\toks21
\extratabsurround=\skip51
\backup@length=\skip52
\ar@cellbox=\box54
)
\TX@col@width=\dimen176
\TX@old@table=\dimen177
\TX@old@col=\dimen178
\TX@target=\dimen179
\TX@delta=\dimen180
\TX@cols=\count291
\TX@ftn=\toks22
) (/home/aaditya/.TinyTeX/texmf-dist/tex/latex/amsmath/amsmath.sty
Package: amsmath 2026/05/19 v2.18d AMS math features
\@mathmargin=\skip53

For additional information on amsmath, use the `?' option.
(/home/aaditya/.TinyTeX/texmf-dist/tex/latex/amsmath/amstext.sty
Package: amstext 2024/11/17 v2.01 AMS text
 (/home/aaditya/.TinyTeX/texmf-dist/tex/latex/amsmath/amsgen.sty
File: amsgen.sty 1999/11/30 v2.0 generic functions
\@emptytoks=\toks23
\ex@=\dimen181
)) (/home/aaditya/.TinyTeX/texmf-dist/tex/latex/amsmath/amsbsy.sty
Package: amsbsy 1999/11/29 v1.2d Bold Symbols
\pmbraise@=\dimen182
) (/home/aaditya/.TinyTeX/texmf-dist/tex/latex/amsmath/amsopn.sty
Package: amsopn 2022/04/08 v2.04 operator names
)
\inf@bad=\count292
LaTeX Info: Redefining \frac on input line 233.
\uproot@=\count293
\leftroot@=\count294
LaTeX Info: Redefining \overline on input line 398.
LaTeX Info: Redefining \colon on input line 409.
\classnum@=\count295
\DOTSCASE@=\count296
LaTeX Info: Redefining \ldots on input line 495.
LaTeX Info: Redefining \dots on input line 498.
LaTeX Info: Redefining \cdots on input line 619.
\Mathstrutbox@=\box55
\strutbox@=\box56
LaTeX Info: Redefining \big on input line 721.
LaTeX Info: Redefining \Big on input line 722.
LaTeX Info: Redefining \bigg on input line 723.
LaTeX Info: Redefining \Bigg on input line 724.
\big@size=\dimen183
LaTeX Font Info:    Redeclaring font encoding OML on input line 742.
LaTeX Font Info:    Redeclaring font encoding OMS on input line 743.
\macc@depth=\count297
LaTeX Info: Redefining \bmod on input line 904.
LaTeX Info: Redefining \pmod on input line 909.
LaTeX Info: Redefining \smash on input line 939.
LaTeX Info: Redefining \relbar on input line 969.
LaTeX Info: Redefining \Relbar on input line 970.
\c@MaxMatrixCols=\count298
\dotsspace@=\muskip17
\c@parentequation=\count299
\dspbrk@lvl=\count300
\tag@help=\toks24
\row@=\count301
\column@=\count302
\maxfields@=\count303
\andhelp@=\toks25
\eqnshift@=\dimen184
\alignsep@=\dimen185
\tagshift@=\dimen186
\tagwidth@=\dimen187
\totwidth@=\dimen188
\lineht@=\dimen189
\@envbody=\toks26
\multlinegap=\skip54
\multlinetaggap=\skip55
\mathdisplay@stack=\toks27
LaTeX Info: Redefining \[ on input line 2965.
LaTeX Info: Redefining \] on input line 2966.
) (/home/aaditya/.TinyTeX/texmf-dist/tex/latex/amsfonts/amssymb.sty
Package: amssymb 2013/01/14 v3.01 AMS font symbols
 (/home/aaditya/.TinyTeX/texmf-dist/tex/latex/amsfonts/amsfonts.sty
Package: amsfonts 2013/01/14 v3.01 Basic AMSFonts support
\symAMSa=\mathgroup4
\symAMSb=\mathgroup5
LaTeX Font Info:    Redeclaring math symbol \hbar on input line 98.
LaTeX Font Info:    Overwriting math alphabet `\mathfrak' in version `bold'
(Font)                  U/euf/m/n --> U/euf/b/n on input line 106.
)) (/home/aaditya/.TinyTeX/texmf-dist/tex/latex/xcolor/xcolor.sty
Package: xcolor 2024/09/29 v3.02 LaTeX color extensions (UK)
 (/home/aaditya/.TinyTeX/texmf-dist/tex/latex/graphics-cfg/color.cfg
File: color.cfg 2016/01/02 v1.6 sample color configuration
)
Package xcolor Info: Driver file: pdftex.def on input line 274.
 (/home/aaditya/.TinyTeX/texmf-dist/tex/latex/graphics/mathcolor.ltx)
Package xcolor Info: Model `cmy' substituted by `cmy0' on input line 1349.
Package xcolor Info: Model `hsb' substituted by `rgb' on input line 1353.
Package xcolor Info: Model `RGB' extended on input line 1365.
Package xcolor Info: Model `HTML' substituted by `rgb' on input line 1367.
Package xcolor Info: Model `Hsb' substituted by `hsb' on input line 1368.
Package xcolor Info: Model `tHsb' substituted by `hsb' on input line 1369.
Package xcolor Info: Model `HSB' substituted by `hsb' on input line 1370.
Package xcolor Info: Model `Gray' substituted by `gray' on input line 1371.
Package xcolor Info: Model `wave' substituted by `hsb' on input line 1372.
) (/home/aaditya/.TinyTeX/texmf-dist/tex/latex/caption/caption.sty
Package: caption 2023/08/05 v3.6o Customizing captions (AR)
 (/home/aaditya/.TinyTeX/texmf-dist/tex/latex/caption/caption3.sty
Package: caption3 2023/07/31 v2.4d caption3 kernel (AR)
\caption@tempdima=\dimen190
\captionmargin=\dimen191
\caption@leftmargin=\dimen192
\caption@rightmargin=\dimen193
\caption@width=\dimen194
\caption@indent=\dimen195
\caption@parindent=\dimen196
\caption@hangindent=\dimen197
Package caption Info: Standard document class detected.
)
\c@caption@flags=\count304
\c@continuedfloat=\count305
) (/home/aaditya/.TinyTeX/texmf-dist/tex/latex/caption/subcaption.sty
Package: subcaption 2023/07/28 v1.6b Sub-captions (AR)
Package caption Info: New subtype `subfigure' on input line 238.
\c@subfigure=\count306
Package caption Info: New subtype `subtable' on input line 238.
\c@subtable=\count307
) (/home/aaditya/.TinyTeX/texmf-dist/tex/latex/float/float.sty
Package: float 2001/11/08 v1.3d Float enhancements (AL)
\c@float@type=\count308
\float@exts=\toks28
\float@box=\box57
\@float@everytoks=\toks29
\@floatcapt=\box58
) (/home/aaditya/.TinyTeX/texmf-dist/tex/latex/enumitem/enumitem.sty
Package: enumitem 2025/02/06 v3.11 Customized lists
\labelindent=\skip56
\enit@outerparindent=\dimen198
\enit@toks=\toks30
\enit@inbox=\box59
\enit@count@id=\count309
\enitdp@description=\count310
) (/home/aaditya/.TinyTeX/texmf-dist/tex/latex/listings/listings.sty
\lst@mode=\count311
\lst@gtempboxa=\box60
\lst@token=\toks31
\lst@length=\count312
\lst@currlwidth=\dimen199
\lst@column=\count313
\lst@pos=\count314
\lst@lostspace=\dimen256
\lst@width=\dimen257
\lst@newlines=\count315
\lst@lineno=\count316
\lst@maxwidth=\dimen258
 (/home/aaditya/.TinyTeX/texmf-dist/tex/latex/listings/lstpatch.sty
File: lstpatch.sty 2025/11/14 1.11b (Carsten Heinz)
) (/home/aaditya/.TinyTeX/texmf-dist/tex/latex/listings/lstmisc.sty
File: lstmisc.sty 2025/11/14 1.11b (Carsten Heinz)
\c@lstnumber=\count317
\lst@skipnumbers=\count318
\lst@framebox=\box61
) (/home/aaditya/.TinyTeX/texmf-dist/tex/latex/listings/listings.cfg
File: listings.cfg 2025/11/14 1.11b listings configuration
))
Package: listings 2025/11/14 1.11b (Carsten Heinz)
 (/home/aaditya/.TinyTeX/texmf-dist/tex/latex/upquote/upquote.sty
Package: upquote 2012/04/19 v1.3 upright-quote and grave-accent glyphs in verbatim
 (/home/aaditya/.TinyTeX/texmf-dist/tex/latex/base/textcomp.sty
Package: textcomp 2024/04/24 v2.1b Standard LaTeX package
)) (/home/aaditya/.TinyTeX/texmf-dist/tex/latex/hyperref/hyperref.sty
Package: hyperref 2026-06-17 v7.01r Hypertext links for LaTeX
 (/home/aaditya/.TinyTeX/texmf-dist/tex/latex/kvsetkeys/kvsetkeys.sty
Package: kvsetkeys 2022-10-05 v1.19 Key value parser (HO)
) (/home/aaditya/.TinyTeX/texmf-dist/tex/generic/kvdefinekeys/kvdefinekeys.sty
Package: kvdefinekeys 2019-12-19 v1.6 Define keys (HO)
) (/home/aaditya/.TinyTeX/texmf-dist/tex/generic/pdfescape/pdfescape.sty
Package: pdfescape 2019/12/09 v1.15 Implements pdfTeX's escape features (HO)
 (/home/aaditya/.TinyTeX/texmf-dist/tex/generic/ltxcmds/ltxcmds.sty
Package: ltxcmds 2023-12-04 v1.26 LaTeX kernel commands for general use (HO)
) (/home/aaditya/.TinyTeX/texmf-dist/tex/generic/pdftexcmds/pdftexcmds.sty
Package: pdftexcmds 2020-06-27 v0.33 Utility functions of pdfTeX for LuaTeX (HO)
 (/home/aaditya/.TinyTeX/texmf-dist/tex/generic/infwarerr/infwarerr.sty
Package: infwarerr 2019/12/03 v1.5 Providing info/warning/error messages (HO)
)
Package pdftexcmds Info: \pdf@primitive is available.
Package pdftexcmds Info: \pdf@ifprimitive is available.
Package pdftexcmds Info: \pdfdraftmode found.
)) (/home/aaditya/.TinyTeX/texmf-dist/tex/latex/hycolor/hycolor.sty
Package: hycolor 2020-01-27 v1.10 Color options for hyperref/bookmark (HO)
) (/home/aaditya/.TinyTeX/texmf-dist/tex/latex/hyperref/nameref.sty
Package: nameref 2026-01-29 v2.58 Cross-referencing by name of section
 (/home/aaditya/.TinyTeX/texmf-dist/tex/latex/refcount/refcount.sty
Package: refcount 2019/12/15 v3.6 Data extraction from label references (HO)
) (/home/aaditya/.TinyTeX/texmf-dist/tex/generic/gettitlestring/gettitlestring.sty
Package: gettitlestring 2019/12/15 v1.6 Cleanup title references (HO)
 (/home/aaditya/.TinyTeX/texmf-dist/tex/latex/kvoptions/kvoptions.sty
Package: kvoptions 2022-06-15 v3.15 Key value format for package options (HO)
))
\c@section@level=\count319
) (/home/aaditya/.TinyTeX/texmf-dist/tex/latex/etoolbox/etoolbox.sty
Package: etoolbox 2025/10/02 v2.5m e-TeX tools for LaTeX (JAW)
\etb@tempcnta=\count320
) (/home/aaditya/.TinyTeX/texmf-dist/tex/generic/stringenc/stringenc.sty
Package: stringenc 2019/11/29 v1.12 Convert strings between diff. encodings (HO)
)
\@linkdim=\dimen259
\Hy@linkcounter=\count321
\Hy@pagecounter=\count322
 (/home/aaditya/.TinyTeX/texmf-dist/tex/latex/hyperref/pd1enc.def
File: pd1enc.def 2026-06-17 v7.01r Hyperref: PDFDocEncoding definition (HO)
Now handling font encoding PD1 ...
... no UTF-8 mapping file for font encoding PD1
) (/home/aaditya/.TinyTeX/texmf-dist/tex/generic/intcalc/intcalc.sty
Package: intcalc 2019/12/15 v1.3 Expandable calculations with integers (HO)
)
\Hy@SavedSpaceFactor=\count323
 (/home/aaditya/.TinyTeX/texmf-dist/tex/latex/hyperref/puenc.def
File: puenc.def 2026-06-17 v7.01r Hyperref: PDF Unicode definition (HO)
Now handling font encoding PU ...
... no UTF-8 mapping file for font encoding PU
)
Package hyperref Info: Hyper figures OFF on input line 4199.
Package hyperref Info: Link nesting OFF on input line 4204.
Package hyperref Info: Hyper index ON on input line 4207.
Package hyperref Info: Plain pages OFF on input line 4214.
Package hyperref Info: Backreferencing OFF on input line 4219.
Package hyperref Info: Implicit mode ON; LaTeX internals redefined.
Package hyperref Info: Bookmarks ON on input line 4466.
\c@Hy@tempcnt=\count324
 (/home/aaditya/.TinyTeX/texmf-dist/tex/latex/url/url.sty
\Urlmuskip=\muskip18
Package: url 2013/09/16  ver 3.4  Verb mode for urls, etc.
)
LaTeX Info: Redefining \url on input line 4805.
\XeTeXLinkMargin=\dimen260
 (/home/aaditya/.TinyTeX/texmf-dist/tex/generic/bitset/bitset.sty
Package: bitset 2019/12/09 v1.3 Handle bit-vector datatype (HO)
 (/home/aaditya/.TinyTeX/texmf-dist/tex/generic/bigintcalc/bigintcalc.sty
Package: bigintcalc 2019/12/15 v1.5 Expandable calculations on big integers (HO)
))
\Fld@menulength=\count325
\Field@Width=\dimen261
\Fld@charsize=\dimen262
Package hyperref Info: Hyper figures OFF on input line 6091.
Package hyperref Info: Link nesting OFF on input line 6096.
Package hyperref Info: Hyper index ON on input line 6099.
Package hyperref Info: backreferencing OFF on input line 6106.
Package hyperref Info: Link coloring OFF on input line 6111.
Package hyperref Info: Link coloring with OCG OFF on input line 6116.
Package hyperref Info: PDF/A mode OFF on input line 6121.
\Hy@abspage=\count326
\c@Item=\count327
\c@Hfootnote=\count328
)
Package hyperref Info: Driver (autodetected): hpdftex.
 (/home/aaditya/.TinyTeX/texmf-dist/tex/latex/hyperref/hpdftex.def
File: hpdftex.def 2026-06-17 v7.01r Hyperref driver for pdfTeX
\Fld@listcount=\count329
\c@bookmark@seq@number=\count330
 (/home/aaditya/.TinyTeX/texmf-dist/tex/latex/rerunfilecheck/rerunfilecheck.sty
Package: rerunfilecheck 2025-06-21 v1.11 Rerun checks for auxiliary files (HO)
 (/home/aaditya/.TinyTeX/texmf-dist/tex/generic/uniquecounter/uniquecounter.sty
Package: uniquecounter 2019/12/15 v1.4 Provide unlimited unique counter (HO)
)
Package uniquecounter Info: New unique counter `rerunfilecheck' on input line 284.
)
\Hy@SectionHShift=\skip57
)
LaTeX Font Info:    Trying to load font information for T1+lmr on input line 75.
 (/home/aaditya/.TinyTeX/texmf-dist/tex/latex/lm/t1lmr.fd
File: t1lmr.fd 2015/05/01 v1.6.1 Font defs for Latin Modern
) (/home/aaditya/.TinyTeX/texmf-dist/tex/latex/l3kernel/l3backend-pdftex.def
File: l3backend-pdftex.def 2026-09-09 L3 backend support: PDF output (pdfTeX)
\l__color_backend_stack_int=\count331
) (./main.aux)
\openout1 = `main.aux'.

LaTeX Font Info:    Checking defaults for OML/cmm/m/it on input line 75.
LaTeX Font Info:    ... okay on input line 75.
LaTeX Font Info:    Checking defaults for OMS/cmsy/m/n on input line 75.
LaTeX Font Info:    ... okay on input line 75.
LaTeX Font Info:    Checking defaults for OT1/cmr/m/n on input line 75.
LaTeX Font Info:    ... okay on input line 75.
LaTeX Font Info:    Checking defaults for T1/cmr/m/n on input line 75.
LaTeX Font Info:    ... okay on input line 75.
LaTeX Font Info:    Checking defaults for TS1/cmr/m/n on input line 75.
LaTeX Font Info:    ... okay on input line 75.
LaTeX Font Info:    Checking defaults for OMX/cmex/m/n on input line 75.
LaTeX Font Info:    ... okay on input line 75.
LaTeX Font Info:    Checking defaults for U/cmr/m/n on input line 75.
LaTeX Font Info:    ... okay on input line 75.
LaTeX Font Info:    Checking defaults for PD1/pdf/m/n on input line 75.
LaTeX Font Info:    ... okay on input line 75.
LaTeX Font Info:    Checking defaults for PU/pdf/m/n on input line 75.
LaTeX Font Info:    ... okay on input line 75.

*geometry* driver: auto-detecting
*geometry* detected driver: pdftex
*geometry* verbose mode - [ preamble ] result:
* driver: pdftex
* paper: a4paper
* layout: <same size as paper>
* layoutoffset:(h,v)=(0.0pt,0.0pt)
* modes: 
* h-part:(L,W,R)=(72.26999pt, 452.9679pt, 72.26999pt)
* v-part:(T,H,B)=(72.26999pt, 700.50687pt, 72.26999pt)
* \paperwidth=597.50787pt
* \paperheight=845.04684pt
* \textwidth=452.9679pt
* \textheight=700.50687pt
* \oddsidemargin=0.0pt
* \evensidemargin=0.0pt
* \topmargin=-37.0pt
* \headheight=12.0pt
* \headsep=25.0pt
* \topskip=10.0pt
* \footskip=30.0pt
* \marginparwidth=57.0pt
* \marginparsep=11.0pt
* \columnsep=10.0pt
* \skip\footins=9.0pt plus 4.0pt minus 2.0pt
* \hoffset=0.0pt
* \voffset=0.0pt
* \mag=1000
* \@twocolumnfalse
* \@twosidefalse
* \@mparswitchfalse
* \@reversemarginfalse
* (1in=72.27pt=25.4mm, 1cm=28.453pt)

(/home/aaditya/.TinyTeX/texmf-dist/tex/latex/epstopdf-pkg/epstopdf-base.sty
Package: epstopdf-base 2020-01-24 v2.11 Base part for package epstopdf
Package epstopdf-base Info: Redefining graphics rule for `.eps' on input line 485.
 (/home/aaditya/.TinyTeX/texmf-dist/tex/latex/latexconfig/epstopdf-sys.cfg
File: epstopdf-sys.cfg 2010/07/13 v1.3 Configuration of (r)epstopdf for TeX Live
))
Package caption Info: Begin \AtBeginDocument code.
Package caption Info: float package is loaded.
Package caption Info: hyperref package is loaded.
Package caption Info: listings package is loaded.
Package caption Info: End \AtBeginDocument code.
\c@lstlisting=\count332
Package hyperref Info: Link coloring OFF on input line 75.
 (./main.out) (./main.out)
\@outlinefile=\write3
\openout3 = `main.out'.

LaTeX Font Info:    Trying to load font information for OT1+lmr on input line 100.
 (/home/aaditya/.TinyTeX/texmf-dist/tex/latex/lm/ot1lmr.fd
File: ot1lmr.fd 2015/05/01 v1.6.1 Font defs for Latin Modern
)
LaTeX Font Info:    Trying to load font information for OML+lmm on input line 100.
 (/home/aaditya/.TinyTeX/texmf-dist/tex/latex/lm/omllmm.fd
File: omllmm.fd 2015/05/01 v1.6.1 Font defs for Latin Modern
)
LaTeX Font Info:    Trying to load font information for OMS+lmsy on input line 100.
 (/home/aaditya/.TinyTeX/texmf-dist/tex/latex/lm/omslmsy.fd
File: omslmsy.fd 2015/05/01 v1.6.1 Font defs for Latin Modern
)
LaTeX Font Info:    Trying to load font information for OMX+lmex on input line 100.
 (/home/aaditya/.TinyTeX/texmf-dist/tex/latex/lm/omxlmex.fd
File: omxlmex.fd 2015/05/01 v1.6.1 Font defs for Latin Modern
)
LaTeX Font Info:    External font `lmex10' loaded for size
(Font)              <10> on input line 100.
LaTeX Font Info:    External font `lmex10' loaded for size
(Font)              <7> on input line 100.
LaTeX Font Info:    External font `lmex10' loaded for size
(Font)              <5> on input line 100.
LaTeX Font Info:    Trying to load font information for U+msa on input line 100.
 (/home/aaditya/.TinyTeX/texmf-dist/tex/latex/amsfonts/umsa.fd
File: umsa.fd 2013/01/14 v3.01 AMS symbols A
)
LaTeX Font Info:    Trying to load font information for U+msb on input line 100.
 (/home/aaditya/.TinyTeX/texmf-dist/tex/latex/amsfonts/umsb.fd
File: umsb.fd 2013/01/14 v3.01 AMS symbols B
) [1

{/home/aaditya/.TinyTeX/texmf-var/fonts/map/pdftex/updmap/pdftex.map}{/home/aaditya/.TinyTeX/texmf-dist/fonts/enc/dvips/lm/lm-ec.enc}]
LaTeX Font Info:    External font `lmex10' loaded for size
(Font)              <9> on input line 122.
LaTeX Font Info:    External font `lmex10' loaded for size
(Font)              <6> on input line 122.
LaTeX Font Info:    Trying to load font information for TS1+lmr on input line 175.
 (/home/aaditya/.TinyTeX/texmf-dist/tex/latex/lm/ts1lmr.fd
File: ts1lmr.fd 2015/05/01 v1.6.1 Font defs for Latin Modern
)
LaTeX Font Info:    Trying to load font information for T1+lmtt on input line 182.
 (/home/aaditya/.TinyTeX/texmf-dist/tex/latex/lm/t1lmtt.fd
File: t1lmtt.fd 2015/05/01 v1.6.1 Font defs for Latin Modern
)
Underfull \hbox (badness 2165) in paragraph at lines 226--226
\T1/lmr/m/n/9 ta-ble, pri-or-i-tized ground-ing, plan-execution-
 []


pdfTeX warning (ext4): destination with the same identifier (name{page.1}) has been already used, duplicate ignored
<to be read again> 
                   \relax 
l.235 
       [1{/home/aaditya/.TinyTeX/texmf-dist/fonts/enc/dvips/lm/lm-mathsy.enc}{/home/aaditya/.TinyTeX/texmf-dist/fonts/enc/dvips/lm/lm-mathit.enc}{/home/aaditya/.TinyTeX/texmf-dist/fonts/enc/dvips/lm/lm-rm.enc}{/home/aaditya/.TinyTeX/texmf-dist/fonts/enc/dvips/lm/lm-ts1.enc}]
Underfull \hbox (badness 3449) in paragraph at lines 296--296
[]|\T1/lmtt/m/n/9 at(a,l)\T1/lmr/m/n/9 , \T1/lmtt/m/n/9 at_item(o,l)\T1/lmr/m/n/9 ,
 []


Underfull \hbox (badness 10000) in paragraph at lines 296--296
[]|\T1/lmtt/m/n/9 hand_empty(a)\T1/lmr/m/n/9 ,
 []


Underfull \hbox (badness 10000) in paragraph at lines 296--296
[]|\T1/lmtt/m/n/9 delivered(o)\T1/lmr/m/n/9 ,
 []

LaTeX Font Info:    External font `lmex10' loaded for size
(Font)              <8> on input line 299.
[2]
<figures/caseA_pop.png, id=143, 1156.32pt x 650.43pt>
File: figures/caseA_pop.png Graphic file (type png)
<use figures/caseA_pop.png>
Package pdftex.def Info: figures/caseA_pop.png  used on input line 336.
(pdftex.def)             Requested size: 326.13744pt x 183.44907pt.
 [3{/home/aaditya/.TinyTeX/texmf-dist/fonts/enc/dvips/lm/lm-mathex.enc} <./figures/caseA_pop.png>]
<figures/caseA_gantt.png, id=157, 1156.32pt x 650.43pt>
File: figures/caseA_gantt.png Graphic file (type png)
<use figures/caseA_gantt.png>
Package pdftex.def Info: figures/caseA_gantt.png  used on input line 419.
(pdftex.def)             Requested size: 380.49136pt x 214.02722pt.

Underfull \hbox (badness 10000) in paragraph at lines 460--460
[]|\T1/lmr/m/n/9 the re-main-ing goals of
 []


Underfull \hbox (badness 10000) in paragraph at lines 460--460
\OML/lmm/m/it/9 a$ \T1/lmr/m/n/9 be-come or-phans (and
 []


Underfull \hbox (badness 10000) in paragraph at lines 460--460
[]|\T1/lmr/m/n/9 an open con-di-tion
 []


Underfull \hbox (badness 10000) in paragraph at lines 460--460
\T1/lmtt/m/n/9 emergency_done(a) \T1/lmr/m/n/9 plus
 []


Underfull \hbox (badness 1107) in paragraph at lines 460--460
\T1/lmr/m/n/9 the de-tour and re-stores the
 []

[4 <./figures/caseA_gantt.png>]
Underfull \hbox (badness 1377) in paragraph at lines 522--522
[]|\T1/lmr/m/n/9 negotiation (Sec-tion []6.1[]) within \T1/lmtt/m/n/9 comm_radius\T1/lmr/m/n/9 ,
 []

[5] [6]
<figures/caseA_repair_card_00.png, id=203, 1156.32pt x 361.35pt>
File: figures/caseA_repair_card_00.png Graphic file (type png)
<use figures/caseA_repair_card_00.png>
Package pdftex.def Info: figures/caseA_repair_card_00.png  used on input line 599.
(pdftex.def)             Requested size: 407.66833pt x 127.39519pt.
<figures/caseA_repair_card_02.png, id=204, 1156.32pt x 361.35pt>
File: figures/caseA_repair_card_02.png Graphic file (type png)
<use figures/caseA_repair_card_02.png>
Package pdftex.def Info: figures/caseA_repair_card_02.png  used on input line 600.
(pdftex.def)             Requested size: 407.66833pt x 127.39519pt.
<figures/caseA_phase_diagnose.png, id=207, 1156.32pt x 650.43pt>
File: figures/caseA_phase_diagnose.png Graphic file (type png)
<use figures/caseA_phase_diagnose.png>
Package pdftex.def Info: figures/caseA_phase_diagnose.png  used on input line 614.
(pdftex.def)             Requested size: 212.89546pt x 119.75203pt.
<figures/caseA_phase_unrefine.png, id=208, 1156.32pt x 650.43pt>
File: figures/caseA_phase_unrefine.png Graphic file (type png)
<use figures/caseA_phase_unrefine.png>
Package pdftex.def Info: figures/caseA_phase_unrefine.png  used on input line 618.
(pdftex.def)             Requested size: 212.89546pt x 119.75203pt.
<figures/caseA_phase_negotiate.png, id=209, 1156.32pt x 650.43pt>
File: figures/caseA_phase_negotiate.png Graphic file (type png)
<use figures/caseA_phase_negotiate.png>
Package pdftex.def Info: figures/caseA_phase_negotiate.png  used on input line 624.
(pdftex.def)             Requested size: 212.89546pt x 119.75203pt.
<figures/caseA_phase_commit.png, id=210, 1156.32pt x 650.43pt>
File: figures/caseA_phase_commit.png Graphic file (type png)
<use figures/caseA_phase_commit.png>
Package pdftex.def Info: figures/caseA_phase_commit.png  used on input line 628.
(pdftex.def)             Requested size: 212.89546pt x 119.75203pt.
 [7 <./figures/caseA_repair_card_00.png> <./figures/caseA_repair_card_02.png> <./figures/caseA_phase_diagnose.png> <./figures/caseA_phase_unrefine.png> <./figures/caseA_phase_negotiate.png> <./figures/caseA_phase_commit.png>]
Underfull \hbox (badness 2134) in paragraph at lines 721--721
[]|\T1/lmr/m/n/9 2 ac-ci-dents (the parked
 []


Underfull \hbox (badness 1142) in paragraph at lines 721--721
\T1/lmr/m/n/9 holder and the robot it
 []


Underfull \hbox (badness 7203) in paragraph at lines 721--721
[]|\T1/lmr/m/n/9 randomly placed closed
 []


Underfull \hbox (badness 10000) in paragraph at lines 721--721
\T1/lmr/m/n/9 lanes and break-downs,
 []

[8]
<figures/caseA_final_panel.png, id=233, 1156.32pt x 650.43pt>
File: figures/caseA_final_panel.png Graphic file (type png)
<use figures/caseA_final_panel.png>
Package pdftex.def Info: figures/caseA_final_panel.png  used on input line 766.
(pdftex.def)             Requested size: 298.96046pt x 168.16495pt.
 [9 <./figures/caseA_final_panel.png>]
<figures/caseB_sequence.png, id=242, 1156.32pt x 433.62pt>
File: figures/caseB_sequence.png Graphic file (type png)
<use figures/caseB_sequence.png>
Package pdftex.def Info: figures/caseB_sequence.png  used on input line 911.
(pdftex.def)             Requested size: 326.13744pt x 122.29938pt.
<figures/caseB_repair_card.png, id=243, 1156.32pt x 361.35pt>
File: figures/caseB_repair_card.png Graphic file (type png)
<use figures/caseB_repair_card.png>
Package pdftex.def Info: figures/caseB_repair_card.png  used on input line 918.
(pdftex.def)             Requested size: 416.72963pt x 130.22374pt.
 [10]
<figures/sweep_mode_bars.png, id=250, 461.92575pt x 349.90726pt>
File: figures/sweep_mode_bars.png Graphic file (type png)
<use figures/sweep_mode_bars.png>
Package pdftex.def Info: figures/sweep_mode_bars.png  used on input line 999.
(pdftex.def)             Requested size: 212.89546pt x 161.26361pt.
<figures/sweep_altered_vs_N.png, id=251, 434.22224pt x 310.761pt>
File: figures/sweep_altered_vs_N.png Graphic file (type png)
<use figures/sweep_altered_vs_N.png>
Package pdftex.def Info: figures/sweep_altered_vs_N.png  used on input line 1003.
(pdftex.def)             Requested size: 212.89546pt x 152.3643pt.
<figures/sweep_cost_vs_N.png, id=252, 454.0965pt x 310.761pt>
File: figures/sweep_cost_vs_N.png Graphic file (type png)
<use figures/sweep_cost_vs_N.png>
Package pdftex.def Info: figures/sweep_cost_vs_N.png  used on input line 1009.
(pdftex.def)             Requested size: 212.89546pt x 145.69257pt.
<figures/sweep_rung_stack_vs_N.png, id=253, 454.0965pt x 313.77225pt>
File: figures/sweep_rung_stack_vs_N.png Graphic file (type png)
<use figures/sweep_rung_stack_vs_N.png>
Package pdftex.def Info: figures/sweep_rung_stack_vs_N.png  used on input line 1013.
(pdftex.def)             Requested size: 212.89546pt x 147.10431pt.
 [11 <./figures/caseB_sequence.png> <./figures/caseB_repair_card.png>]

LaTeX Warning: Reference `tab:scaling' on page 12 undefined on input line 1038.

[12 <./figures/sweep_mode_bars.png> <./figures/sweep_altered_vs_N.png> <./figures/sweep_cost_vs_N.png> <./figures/sweep_rung_stack_vs_N.png>]
<figures/scaling_vs_N.png, id=275, 534.798pt x 361.35pt>
File: figures/scaling_vs_N.png Graphic file (type png)
<use figures/scaling_vs_N.png>
Package pdftex.def Info: figures/scaling_vs_N.png  used on input line 1135.
(pdftex.def)             Requested size: 217.42265pt x 146.90834pt.
<figures/scaling_vs_density.png, id=276, 534.798pt x 361.35pt>
File: figures/scaling_vs_density.png Graphic file (type png)
<use figures/scaling_vs_density.png>
Package pdftex.def Info: figures/scaling_vs_density.png  used on input line 1139.
(pdftex.def)             Requested size: 217.42265pt x 146.90834pt.
 [13] [14 <./figures/scaling_vs_N.png> <./figures/scaling_vs_density.png>] [15] [16] (./main.aux)
 ***********
LaTeX2e <2026-06-01>
L3 programming layer <2026-09-09>
 ***********


LaTeX Warning: There were undefined references.


LaTeX Warning: Label(s) may have changed. Rerun to get cross-references right.


Package rerunfilecheck Warning: File `main.out' has changed.
(rerunfilecheck)                Rerun to get outlines right
(rerunfilecheck)                or use package `bookmark'.

Package rerunfilecheck Info: Checksums for `main.out':
(rerunfilecheck)             Before: A588CD2207B85AF24CA5D33619231F99;3772
(rerunfilecheck)             After:  AF1D37B2DAD23C6A79C6C226C06680BE;4034.
 ) 
Here is how much of TeX's memory you used:
 14878 strings out of 469040
 233591 string characters out of 5457102
 902854 words of memory out of 5000000
 43667 multiletter control sequences out of 15000+600000
 715800 words of font info for 97 fonts, out of 8000000 for 9000
 14 hyphenation exceptions out of 8191
 74i,11n,79p,798b,2008s stack positions out of 10000i,1000n,20000p,200000b,200000s
</home/aaditya/.TinyTeX/texmf-dist/fonts/type1/public/lm/lmbx10.pfb></home/aaditya/.TinyTeX/texmf-dist/fonts/type1/public/lm/lmbx12.pfb></home/aaditya/.TinyTeX/texmf-dist/fonts/type1/public/lm/lmbx7.pfb></home/aaditya/.TinyTeX/texmf-dist/fonts/type1/public/lm/lmbx8.pfb></home/aaditya/.TinyTeX/texmf-dist/fonts/type1/public/lm/lmbx9.pfb></home/aaditya/.TinyTeX/texmf-dist/fonts/type1/public/lm/lmcsc10.pfb></home/aaditya/.TinyTeX/texmf-dist/fonts/type1/public/lm/lmex10.pfb></home/aaditya/.TinyTeX/texmf-dist/fonts/type1/public/lm/lmmi10.pfb></home/aaditya/.TinyTeX/texmf-dist/fonts/type1/public/lm/lmmi6.pfb></home/aaditya/.TinyTeX/texmf-dist/fonts/type1/public/lm/lmmi7.pfb></home/aaditya/.TinyTeX/texmf-dist/fonts/type1/public/lm/lmmi8.pfb></home/aaditya/.TinyTeX/texmf-dist/fonts/type1/public/lm/lmmi9.pfb></home/aaditya/.TinyTeX/texmf-dist/fonts/type1/public/lm/lmr10.pfb></home/aaditya/.TinyTeX/texmf-dist/fonts/type1/public/lm/lmr12.pfb></home/aaditya/.TinyTeX/texmf-dist/fonts/type1/public/lm/lmr5.pfb></home/aaditya/.TinyTeX/texmf-dist/fonts/type1/public/lm/lmr6.pfb></home/aaditya/.TinyTeX/texmf-dist/fonts/type1/public/lm/lmr7.pfb></home/aaditya/.TinyTeX/texmf-dist/fonts/type1/public/lm/lmr8.pfb></home/aaditya/.TinyTeX/texmf-dist/fonts/type1/public/lm/lmr9.pfb></home/aaditya/.TinyTeX/texmf-dist/fonts/type1/public/lm/lmri10.pfb></home/aaditya/.TinyTeX/texmf-dist/fonts/type1/public/lm/lmri8.pfb></home/aaditya/.TinyTeX/texmf-dist/fonts/type1/public/lm/lmri9.pfb></home/aaditya/.TinyTeX/texmf-dist/fonts/type1/public/lm/lmsy10.pfb></home/aaditya/.TinyTeX/texmf-dist/fonts/type1/public/lm/lmsy6.pfb></home/aaditya/.TinyTeX/texmf-dist/fonts/type1/public/lm/lmsy7.pfb></home/aaditya/.TinyTeX/texmf-dist/fonts/type1/public/lm/lmsy8.pfb></home/aaditya/.TinyTeX/texmf-dist/fonts/type1/public/lm/lmsy9.pfb></home/aaditya/.TinyTeX/texmf-dist/fonts/type1/public/lm/lmtt10.pfb></home/aaditya/.TinyTeX/texmf-dist/fonts/type1/public/lm/lmtt8.pfb></home/aaditya/.TinyTeX/texmf-dist/fonts/type1/public/lm/lmtt9.pfb>
Output written on main.pdf (17 pages, 1722099 bytes).
PDF statistics:
 497 PDF objects out of 1000 (max. 8388607)
 371 compressed objects within 4 object streams
 116 named destinations out of 1000 (max. 500000)
 270 words of extra memory for PDF output out of 10000 (max. 10000000)

